  姝ｅ湪纭畾瑕佽繕鍘熺殑椤圭洰鈥?
  宸茶繕鍘?d:\exercise\AIBlog\EFCore\EFCore.csproj (鐢ㄦ椂 300 姣)銆?
  宸茶繕鍘?d:\exercise\AIBlog\AutoMapper\Mapper.csproj (鐢ㄦ椂 300 姣)銆?
  宸茶繕鍘?d:\exercise\AIBlog\Blazor\Blazor.csproj (鐢ㄦ椂 300 姣)銆?
  1 涓」鐩?鍏?4 涓?鏄渶鏂扮殑锛屾棤娉曡繕鍘熴€?
d:\exercise\AIBlog\Domain\Account\RoleCreateInfo.cs(11,23): warning CS8618: 鍦ㄩ€€鍑烘瀯閫犲嚱鏁版椂锛屼笉鍙负 null 鐨?灞炴€?"RoleName" 蹇呴』鍖呭惈闈?null 鍊笺€傝鑰冭檻娣诲姞 "required" 淇グ绗︽垨灏嗚 灞炴€?澹版槑涓哄彲涓?null銆?[d:\exercise\AIBlog\Domain\Domain.csproj]
d:\exercise\AIBlog\Domain\Account\JWTOptions.cs(12,23): warning CS8618: 鍦ㄩ€€鍑烘瀯閫犲嚱鏁版椂锛屼笉鍙负 null 鐨?灞炴€?"SigningKey" 蹇呴』鍖呭惈闈?null 鍊笺€傝鑰冭檻娣诲姞 "required" 淇グ绗︽垨灏嗚 灞炴€?澹版槑涓哄彲涓?null銆?[d:\exercise\AIBlog\Domain\Domain.csproj]
d:\exercise\AIBlog\Domain\Account\LoginInfo.cs(13,23): warning CS8618: 鍦ㄩ€€鍑烘瀯閫犲嚱鏁版椂锛屼笉鍙负 null 鐨?灞炴€?"Name" 蹇呴』鍖呭惈闈?null 鍊笺€傝鑰冭檻娣诲姞 "required" 淇グ绗︽垨灏嗚 灞炴€?澹版槑涓哄彲涓?null銆?[d:\exercise\AIBlog\Domain\Domain.csproj]
d:\exercise\AIBlog\Domain\Account\LoginInfo.cs(15,23): warning CS8618: 鍦ㄩ€€鍑烘瀯閫犲嚱鏁版椂锛屼笉鍙负 null 鐨?灞炴€?"Password" 蹇呴』鍖呭惈闈?null 鍊笺€傝鑰冭檻娣诲姞 "required" 淇グ绗︽垨灏嗚 灞炴€?澹版槑涓哄彲涓?null銆?[d:\exercise\AIBlog\Domain\Domain.csproj]
d:\exercise\AIBlog\Domain\Account\RegisterInfo.cs(5,23): warning CS8618: 鍦ㄩ€€鍑烘瀯閫犲嚱鏁版椂锛屼笉鍙负 null 鐨?灞炴€?"Name" 蹇呴』鍖呭惈闈?null 鍊笺€傝鑰冭檻娣诲姞 "required" 淇グ绗︽垨灏嗚 灞炴€?澹版槑涓哄彲涓?null銆?[d:\exercise\AIBlog\Domain\Domain.csproj]
d:\exercise\AIBlog\Domain\Account\RegisterInfo.cs(6,23): warning CS8618: 鍦ㄩ€€鍑烘瀯閫犲嚱鏁版椂锛屼笉鍙负 null 鐨?灞炴€?"Password" 蹇呴』鍖呭惈闈?null 鍊笺€傝鑰冭檻娣诲姞 "required" 淇グ绗︽垨灏嗚 灞炴€?澹版槑涓哄彲涓?null銆?[d:\exercise\AIBlog\Domain\Domain.csproj]
d:\exercise\AIBlog\Domain\Account\RegisterInfo.cs(7,23): warning CS8618: 鍦ㄩ€€鍑烘瀯閫犲嚱鏁版椂锛屼笉鍙负 null 鐨?灞炴€?"Email" 蹇呴』鍖呭惈闈?null 鍊笺€傝鑰冭檻娣诲姞 "required" 淇グ绗︽垨灏嗚 灞炴€?澹版槑涓哄彲涓?null銆?[d:\exercise\AIBlog\Domain\Domain.csproj]
d:\exercise\AIBlog\Domain\Post\PostCreation.cs(11,23): warning CS8618: 鍦ㄩ€€鍑烘瀯閫犲嚱鏁版椂锛屼笉鍙负 null 鐨?灞炴€?"Title" 蹇呴』鍖呭惈闈?null 鍊笺€傝鑰冭檻娣诲姞 "required" 淇グ绗︽垨灏嗚 灞炴€?澹版槑涓哄彲涓?null銆?[d:\exercise\AIBlog\Domain\Domain.csproj]
d:\exercise\AIBlog\Domain\Post\PostCreation.cs(12,23): warning CS8618: 鍦ㄩ€€鍑烘瀯閫犲嚱鏁版椂锛屼笉鍙负 null 鐨?灞炴€?"Markdown" 蹇呴』鍖呭惈闈?null 鍊笺€傝鑰冭檻娣诲姞 "required" 淇グ绗︽垨灏嗚 灞炴€?澹版槑涓哄彲涓?null銆?[d:\exercise\AIBlog\Domain\Domain.csproj]
  Domain -> d:\exercise\AIBlog\Domain\bin\Debug\net8.0\Domain.dll
  EFCore -> D:\exercise\AIBlog\EFCore\bin\Debug\net8.0\EFCore.dll
d:\exercise\AIBlog\AutoMapper\DTO\TagDTO.cs(13,23): warning CS8618: 鍦ㄩ€€鍑烘瀯閫犲嚱鏁版椂锛屼笉鍙负 null 鐨?灞炴€?"TagName" 蹇呴』鍖呭惈闈?null 鍊笺€傝鑰冭檻娣诲姞 "required" 淇グ绗︽垨灏嗚 灞炴€?澹版槑涓哄彲涓?null銆?[d:\exercise\AIBlog\AutoMapper\Mapper.csproj]
d:\exercise\AIBlog\AutoMapper\DTO\FriendLinkDTO.cs(13,23): warning CS8618: 鍦ㄩ€€鍑烘瀯閫犲嚱鏁版椂锛屼笉鍙负 null 鐨?灞炴€?"Title" 蹇呴』鍖呭惈闈?null 鍊笺€傝鑰冭檻娣诲姞 "required" 淇グ绗︽垨灏嗚 灞炴€?澹版槑涓哄彲涓?null銆?[d:\exercise\AIBlog\AutoMapper\Mapper.csproj]
d:\exercise\AIBlog\AutoMapper\DTO\FriendLinkDTO.cs(15,23): warning CS8618: 鍦ㄩ€€鍑烘瀯閫犲嚱鏁版椂锛屼笉鍙负 null 鐨?灞炴€?"LinkUrl" 蹇呴』鍖呭惈闈?null 鍊笺€傝鑰冭檻娣诲姞 "required" 淇グ绗︽垨灏嗚 灞炴€?澹版槑涓哄彲涓?null銆?[d:\exercise\AIBlog\AutoMapper\Mapper.csproj]
d:\exercise\AIBlog\AutoMapper\DTO\CategoryDTO.cs(13,23): warning CS8618: 鍦ㄩ€€鍑烘瀯閫犲嚱鏁版椂锛屼笉鍙负 null 鐨?灞炴€?"CategoryName" 蹇呴』鍖呭惈闈?null 鍊笺€傝鑰冭檻娣诲姞 "required" 淇グ绗︽垨灏嗚 灞炴€?澹版槑涓哄彲涓?null銆?[d:\exercise\AIBlog\AutoMapper\Mapper.csproj]
d:\exercise\AIBlog\AutoMapper\DTO\PostBriefDto.cs(12,23): warning CS8618: 鍦ㄩ€€鍑烘瀯閫犲嚱鏁版椂锛屼笉鍙负 null 鐨?灞炴€?"Title" 蹇呴』鍖呭惈闈?null 鍊笺€傝鑰冭檻娣诲姞 "required" 淇グ绗︽垨灏嗚 灞炴€?澹版槑涓哄彲涓?null銆?[d:\exercise\AIBlog\AutoMapper\Mapper.csproj]
d:\exercise\AIBlog\AutoMapper\DTO\PostBriefDto.cs(17,23): warning CS8618: 鍦ㄩ€€鍑烘瀯閫犲嚱鏁版椂锛屼笉鍙负 null 鐨?灞炴€?"Url" 蹇呴』鍖呭惈闈?null 鍊笺€傝鑰冭檻娣诲姞 "required" 淇グ绗︽垨灏嗚 灞炴€?澹版槑涓哄彲涓?null銆?[d:\exercise\AIBlog\AutoMapper\Mapper.csproj]
d:\exercise\AIBlog\AutoMapper\DTO\PostBriefDto.cs(22,23): warning CS8618: 鍦ㄩ€€鍑烘瀯閫犲嚱鏁版椂锛屼笉鍙负 null 鐨?灞炴€?"Summary" 蹇呴』鍖呭惈闈?null 鍊笺€傝鑰冭檻娣诲姞 "required" 淇グ绗︽垨灏嗚 灞炴€?澹版槑涓哄彲涓?null銆?[d:\exercise\AIBlog\AutoMapper\Mapper.csproj]
d:\exercise\AIBlog\AutoMapper\DTO\PostBriefDto.cs(27,23): warning CS8618: 鍦ㄩ€€鍑烘瀯閫犲嚱鏁版椂锛屼笉鍙负 null 鐨?灞炴€?"CreationTime" 蹇呴』鍖呭惈闈?null 鍊笺€傝鑰冭檻娣诲姞 "required" 淇グ绗︽垨灏嗚 灞炴€?澹版槑涓哄彲涓?null銆?[d:\exercise\AIBlog\AutoMapper\Mapper.csproj]
d:\exercise\AIBlog\AutoMapper\DTO\PostDTO.cs(13,23): warning CS8618: 鍦ㄩ€€鍑烘瀯閫犲嚱鏁版椂锛屼笉鍙负 null 鐨?灞炴€?"Title" 蹇呴』鍖呭惈闈?null 鍊笺€傝鑰冭檻娣诲姞 "required" 淇グ绗︽垨灏嗚 灞炴€?澹版槑涓哄彲涓?null銆?[d:\exercise\AIBlog\AutoMapper\Mapper.csproj]
  Mapper -> d:\exercise\AIBlog\AutoMapper\bin\Debug\net8.0\Mapper.dll
d:\exercise\AIBlog\Blazor\Pages\Posts\Post.razor(9,13): warning RZ10012: Found markup element with unexpected name 'MudCircularProgress'. If this is intended to be a component, add a @using directive for its namespace. [d:\exercise\AIBlog\Blazor\Blazor.csproj]
CSC : error RZ9986: Component attributes do not support complex content (mixed C# and markup). Attribute: 'href', text: '/post/context.Id' [d:\exercise\AIBlog\Blazor\Blazor.csproj]
d:\exercise\AIBlog\Blazor\Pages\Posts\Posts.razor(12,13): warning RZ10012: Found markup element with unexpected name 'MudCircularProgress'. If this is intended to be a component, add a @using directive for its namespace. [d:\exercise\AIBlog\Blazor\Blazor.csproj]
d:\exercise\AIBlog\Blazor\Shared\Hint.razor(10,27): warning CS8618: 鍦ㄩ€€鍑烘瀯閫犲嚱鏁版椂锛屼笉鍙负 null 鐨?灞炴€?"ChildContent" 蹇呴』鍖呭惈闈?null 鍊笺€傝鑰冭檻娣诲姞 "required" 淇グ绗︽垨灏嗚 灞炴€?澹版槑涓哄彲涓?null銆?[d:\exercise\AIBlog\Blazor\Blazor.csproj]
d:\exercise\AIBlog\Blazor\Pages\Admin\AdminLayout.razor(15,27): warning CS8618: 鍦ㄩ€€鍑烘瀯閫犲嚱鏁版椂锛屼笉鍙负 null 鐨?灞炴€?"ChildContent" 蹇呴』鍖呭惈闈?null 鍊笺€傝鑰冭檻娣诲姞 "required" 淇グ绗︽垨灏嗚 灞炴€?澹版槑涓哄彲涓?null銆?[d:\exercise\AIBlog\Blazor\Blazor.csproj]
d:\exercise\AIBlog\Blazor\Pages\Tags\Tags.razor.cs(13,24): warning CS8601: 鍙兘鐨?null 寮曠敤璧嬪€笺€?[d:\exercise\AIBlog\Blazor\Blazor.csproj]
d:\exercise\AIBlog\Blazor\Pages\Admin\AdminFriendLink.razor.cs(23,27): warning CS8601: 鍙兘鐨?null 寮曠敤璧嬪€笺€?[d:\exercise\AIBlog\Blazor\Blazor.csproj]
d:\exercise\AIBlog\Blazor\Pages\Categories\Categories.razor.cs(15,26): warning CS8601: 鍙兘鐨?null 寮曠敤璧嬪€笺€?[d:\exercise\AIBlog\Blazor\Blazor.csproj]
d:\exercise\AIBlog\Blazor\Pages\FriendLinks\FriendLinks.razor.cs(13,27): warning CS8601: 鍙兘鐨?null 寮曠敤璧嬪€笺€?[d:\exercise\AIBlog\Blazor\Blazor.csproj]
d:\exercise\AIBlog\Blazor\Pages\Admin\AdminCategories.razor.cs(28,26): warning CS8601: 鍙兘鐨?null 寮曠敤璧嬪€笺€?[d:\exercise\AIBlog\Blazor\Blazor.csproj]
d:\exercise\AIBlog\Blazor\Pages\Admin\AdminFriendLink.razor.cs(43,35): warning CS8601: 鍙兘鐨?null 寮曠敤璧嬪€笺€?[d:\exercise\AIBlog\Blazor\Blazor.csproj]
d:\exercise\AIBlog\Blazor\Pages\Admin\AdminPostManager.razor.cs(49,27): warning CS8601: 鍙兘鐨?null 寮曠敤璧嬪€笺€?[d:\exercise\AIBlog\Blazor\Blazor.csproj]
d:\exercise\AIBlog\Blazor\Pages\Admin\AdminPostManager.razor.cs(50,29): warning CS8602: 瑙ｅ紩鐢ㄥ彲鑳藉嚭鐜扮┖寮曠敤銆?[d:\exercise\AIBlog\Blazor\Blazor.csproj]
d:\exercise\AIBlog\Blazor\Shared\Chips.razor(10,45): warning CS8602: 瑙ｅ紩鐢ㄥ彲鑳藉嚭鐜扮┖寮曠敤銆?[d:\exercise\AIBlog\Blazor\Blazor.csproj]
d:\exercise\AIBlog\Blazor\Shared\Box.razor.cs(13,31): warning CS8618: 鍦ㄩ€€鍑烘瀯閫犲嚱鏁版椂锛屼笉鍙负 null 鐨?灞炴€?"ChildContent" 蹇呴』鍖呭惈闈?null 鍊笺€傝鑰冭檻娣诲姞 "required" 淇グ绗︽垨灏嗚 灞炴€?澹版槑涓哄彲涓?null銆?[d:\exercise\AIBlog\Blazor\Blazor.csproj]
d:\exercise\AIBlog\Blazor\Shared\Box.razor.cs(28,39): warning CS8618: 鍦ㄩ€€鍑烘瀯閫犲嚱鏁版椂锛屼笉鍙负 null 鐨?灞炴€?"OnConfirm" 蹇呴』鍖呭惈闈?null 鍊笺€傝鑰冭檻娣诲姞 "required" 淇グ绗︽垨灏嗚 灞炴€?澹版槑涓哄彲涓?null銆?[d:\exercise\AIBlog\Blazor\Blazor.csproj]
d:\exercise\AIBlog\Blazor\Shared\Box.razor.cs(31,39): warning CS8618: 鍦ㄩ€€鍑烘瀯閫犲嚱鏁版椂锛屼笉鍙负 null 鐨?灞炴€?"OnCancel" 蹇呴』鍖呭惈闈?null 鍊笺€傝鑰冭檻娣诲姞 "required" 淇グ绗︽垨灏嗚 灞炴€?澹版槑涓哄彲涓?null銆?[d:\exercise\AIBlog\Blazor\Blazor.csproj]
d:\exercise\AIBlog\Blazor\Pages\Tags\Tags.razor.cs(8,30): warning CS8618: 鍦ㄩ€€鍑烘瀯閫犲嚱鏁版椂锛屼笉鍙负 null 鐨?瀛楁 "PostTags" 蹇呴』鍖呭惈闈?null 鍊笺€傝鑰冭檻娣诲姞 "required" 淇グ绗︽垨灏嗚 瀛楁 澹版槑涓哄彲涓?null銆?[d:\exercise\AIBlog\Blazor\Blazor.csproj]
d:\exercise\AIBlog\Blazor\Pages\Admin\AdminTags.razor.cs(22,20): warning CS8601: 鍙兘鐨?null 寮曠敤璧嬪€笺€?[d:\exercise\AIBlog\Blazor\Blazor.csproj]
d:\exercise\AIBlog\Blazor\Pages\Admin\AdminCategories.razor.cs(48,34): warning CS8601: 鍙兘鐨?null 寮曠敤璧嬪€笺€?[d:\exercise\AIBlog\Blazor\Blazor.csproj]
d:\exercise\AIBlog\Blazor\Pages\Admin\AdminPosts.razor.cs(29,25): warning CS8601: 鍙兘鐨?null 寮曠敤璧嬪€笺€?[d:\exercise\AIBlog\Blazor\Blazor.csproj]
d:\exercise\AIBlog\Blazor\Pages\Admin\AdminPosts.razor.cs(31,44): warning CS8602: 瑙ｅ紩鐢ㄥ彲鑳藉嚭鐜扮┖寮曠敤銆?[d:\exercise\AIBlog\Blazor\Blazor.csproj]
d:\exercise\AIBlog\Blazor\Pages\FriendLinks\FriendLinks.razor.cs(8,37): warning CS8618: 鍦ㄩ€€鍑烘瀯閫犲嚱鏁版椂锛屼笉鍙负 null 鐨?瀛楁 "friendLinks" 蹇呴』鍖呭惈闈?null 鍊笺€傝鑰冭檻娣诲姞 "required" 淇グ绗︽垨灏嗚 瀛楁 澹版槑涓哄彲涓?null銆?[d:\exercise\AIBlog\Blazor\Blazor.csproj]
d:\exercise\AIBlog\Blazor\Pages\Posts\Category.razor.cs(39,24): warning CS8601: 鍙兘鐨?null 寮曠敤璧嬪€笺€?[d:\exercise\AIBlog\Blazor\Blazor.csproj]
d:\exercise\AIBlog\Blazor\Pages\Posts\Category.razor.cs(40,28): warning CS8602: 瑙ｅ紩鐢ㄥ彲鑳藉嚭鐜扮┖寮曠敤銆?[d:\exercise\AIBlog\Blazor\Blazor.csproj]
d:\exercise\AIBlog\Blazor\Pages\Admin\AdminFriendLink.razor.cs(67,27): warning CS8601: 鍙兘鐨?null 寮曠敤璧嬪€笺€?[d:\exercise\AIBlog\Blazor\Blazor.csproj]
d:\exercise\AIBlog\Blazor\Pages\Admin\AdminCategories.razor.cs(72,26): warning CS8601: 鍙兘鐨?null 寮曠敤璧嬪€笺€?[d:\exercise\AIBlog\Blazor\Blazor.csproj]
d:\exercise\AIBlog\Blazor\Pages\Admin\AdminTags.razor.cs(42,28): warning CS8601: 鍙兘鐨?null 寮曠敤璧嬪€笺€?[d:\exercise\AIBlog\Blazor\Blazor.csproj]
d:\exercise\AIBlog\Blazor\Pages\Categories\Categories.razor.cs(10,35): warning CS8618: 鍦ㄩ€€鍑烘瀯閫犲嚱鏁版椂锛屼笉鍙负 null 鐨?瀛楁 "categories" 蹇呴』鍖呭惈闈?null 鍊笺€傝鑰冭檻娣诲姞 "required" 淇グ绗︽垨灏嗚 瀛楁 澹版槑涓哄彲涓?null銆?[d:\exercise\AIBlog\Blazor\Blazor.csproj]
d:\exercise\AIBlog\Blazor\Pages\Admin\AdminFriendLink.razor.cs(84,27): warning CS8601: 鍙兘鐨?null 寮曠敤璧嬪€笺€?[d:\exercise\AIBlog\Blazor\Blazor.csproj]
d:\exercise\AIBlog\Blazor\Pages\Admin\AdminTags.razor.cs(66,20): warning CS8601: 鍙兘鐨?null 寮曠敤璧嬪€笺€?[d:\exercise\AIBlog\Blazor\Blazor.csproj]
d:\exercise\AIBlog\Blazor\Pages\Admin\AdminCategories.razor.cs(89,26): warning CS8601: 鍙兘鐨?null 寮曠敤璧嬪€笺€?[d:\exercise\AIBlog\Blazor\Blazor.csproj]
d:\exercise\AIBlog\Blazor\Pages\Posts\Tag.razor.cs(36,24): warning CS8601: 鍙兘鐨?null 寮曠敤璧嬪€笺€?[d:\exercise\AIBlog\Blazor\Blazor.csproj]
d:\exercise\AIBlog\Blazor\Pages\Posts\Tag.razor.cs(37,22): warning CS8602: 瑙ｅ紩鐢ㄥ彲鑳藉嚭鐜扮┖寮曠敤銆?[d:\exercise\AIBlog\Blazor\Blazor.csproj]
d:\exercise\AIBlog\Blazor\Pages\Admin\AdminTags.razor.cs(84,20): warning CS8601: 鍙兘鐨?null 寮曠敤璧嬪€笺€?[d:\exercise\AIBlog\Blazor\Blazor.csproj]
d:\exercise\AIBlog\Blazor\Pages\Posts\Category.razor.cs(20,23): warning CS8618: 鍦ㄩ€€鍑烘瀯閫犲嚱鏁版椂锛屼笉鍙负 null 鐨?灞炴€?"categoryName" 蹇呴』鍖呭惈闈?null 鍊笺€傝鑰冭檻娣诲姞 "required" 淇グ绗︽垨灏嗚 灞炴€?澹版槑涓哄彲涓?null銆?[d:\exercise\AIBlog\Blazor\Blazor.csproj]
d:\exercise\AIBlog\Blazor\Pages\Posts\Category.razor.cs(24,31): warning CS8618: 鍦ㄩ€€鍑烘瀯閫犲嚱鏁版椂锛屼笉鍙负 null 鐨?瀛楁 "PostData" 蹇呴』鍖呭惈闈?null 鍊笺€傝鑰冭檻娣诲姞 "required" 淇グ绗︽垨灏嗚 瀛楁 澹版槑涓哄彲涓?null銆?[d:\exercise\AIBlog\Blazor\Blazor.csproj]
d:\exercise\AIBlog\Blazor\Pages\Posts\Tag.razor.cs(18,23): warning CS8618: 鍦ㄩ€€鍑烘瀯閫犲嚱鏁版椂锛屼笉鍙负 null 鐨?灞炴€?"TagName" 蹇呴』鍖呭惈闈?null 鍊笺€傝鑰冭檻娣诲姞 "required" 淇グ绗︽垨灏嗚 灞炴€?澹版槑涓哄彲涓?null銆?[d:\exercise\AIBlog\Blazor\Blazor.csproj]
d:\exercise\AIBlog\Blazor\Pages\Posts\Tag.razor.cs(22,31): warning CS8618: 鍦ㄩ€€鍑烘瀯閫犲嚱鏁版椂锛屼笉鍙负 null 鐨?瀛楁 "PostData" 蹇呴』鍖呭惈闈?null 鍊笺€傝鑰冭檻娣诲姞 "required" 淇グ绗︽垨灏嗚 瀛楁 澹版槑涓哄彲涓?null銆?[d:\exercise\AIBlog\Blazor\Blazor.csproj]
d:\exercise\AIBlog\Blazor\Pages\Admin\AdminPosts.razor.cs(15,31): warning CS8618: 鍦ㄩ€€鍑烘瀯閫犲嚱鏁版椂锛屼笉鍙负 null 鐨?瀛楁 "PostsData" 蹇呴』鍖呭惈闈?null 鍊笺€傝鑰冭檻娣诲姞 "required" 淇グ绗︽垨灏嗚 瀛楁 澹版槑涓哄彲涓?null銆?[d:\exercise\AIBlog\Blazor\Blazor.csproj]
d:\exercise\AIBlog\Blazor\Pages\Posts\Posts.razor(104,39): warning CS8602: 瑙ｅ紩鐢ㄥ彲鑳藉嚭鐜扮┖寮曠敤銆?[d:\exercise\AIBlog\Blazor\Blazor.csproj]
d:\exercise\AIBlog\Blazor\Pages\Admin\AdminTags.razor.cs(9,22): warning CS8618: 鍦ㄩ€€鍑烘瀯閫犲嚱鏁版椂锛屼笉鍙负 null 鐨?瀛楁 "Tags" 蹇呴』鍖呭惈闈?null 鍊笺€傝鑰冭檻娣诲姞 "required" 淇グ绗︽垨灏嗚 瀛楁 澹版槑涓哄彲涓?null銆?[d:\exercise\AIBlog\Blazor\Blazor.csproj]
d:\exercise\AIBlog\Blazor\Pages\Admin\AdminTags.razor.cs(12,39): warning CS8618: 鍦ㄩ€€鍑烘瀯閫犲嚱鏁版椂锛屼笉鍙负 null 鐨?灞炴€?"OnConfirm" 蹇呴』鍖呭惈闈?null 鍊笺€傝鑰冭檻娣诲姞 "required" 淇グ绗︽垨灏嗚 灞炴€?澹版槑涓哄彲涓?null銆?[d:\exercise\AIBlog\Blazor\Blazor.csproj]
d:\exercise\AIBlog\Blazor\Pages\Admin\AdminTags.razor.cs(13,39): warning CS8618: 鍦ㄩ€€鍑烘瀯閫犲嚱鏁版椂锛屼笉鍙负 null 鐨?灞炴€?"OnCancel" 蹇呴』鍖呭惈闈?null 鍊笺€傝鑰冭檻娣诲姞 "required" 淇グ绗︽垨灏嗚 灞炴€?澹版槑涓哄彲涓?null銆?[d:\exercise\AIBlog\Blazor\Blazor.csproj]
d:\exercise\AIBlog\Blazor\Pages\Admin\AdminFriendLink.razor.cs(10,29): warning CS8618: 鍦ㄩ€€鍑烘瀯閫犲嚱鏁版椂锛屼笉鍙负 null 鐨?瀛楁 "FriendLinks" 蹇呴』鍖呭惈闈?null 鍊笺€傝鑰冭檻娣诲姞 "required" 淇グ绗︽垨灏嗚 瀛楁 澹版槑涓哄彲涓?null銆?[d:\exercise\AIBlog\Blazor\Blazor.csproj]
d:\exercise\AIBlog\Blazor\Pages\Admin\AdminFriendLink.razor.cs(13,39): warning CS8618: 鍦ㄩ€€鍑烘瀯閫犲嚱鏁版椂锛屼笉鍙负 null 鐨?灞炴€?"OnConfirm" 蹇呴』鍖呭惈闈?null 鍊笺€傝鑰冭檻娣诲姞 "required" 淇グ绗︽垨灏嗚 灞炴€?澹版槑涓哄彲涓?null銆?[d:\exercise\AIBlog\Blazor\Blazor.csproj]
d:\exercise\AIBlog\Blazor\Pages\Admin\AdminFriendLink.razor.cs(14,39): warning CS8618: 鍦ㄩ€€鍑烘瀯閫犲嚱鏁版椂锛屼笉鍙负 null 鐨?灞炴€?"OnCancel" 蹇呴』鍖呭惈闈?null 鍊笺€傝鑰冭檻娣诲姞 "required" 淇グ绗︽垨灏嗚 灞炴€?澹版槑涓哄彲涓?null銆?[d:\exercise\AIBlog\Blazor\Blazor.csproj]
d:\exercise\AIBlog\Blazor\Pages\Posts\Post.razor(18,22): warning CS8602: 瑙ｅ紩鐢ㄥ彲鑳藉嚭鐜扮┖寮曠敤銆?[d:\exercise\AIBlog\Blazor\Blazor.csproj]
d:\exercise\AIBlog\Blazor\Pages\Posts\Post.razor(29,78): warning CS8602: 瑙ｅ紩鐢ㄥ彲鑳藉嚭鐜扮┖寮曠敤銆?[d:\exercise\AIBlog\Blazor\Blazor.csproj]
d:\exercise\AIBlog\Blazor\Pages\Posts\Post.razor(58,57): warning CS8604: 鈥渟tring Markdown.ToHtml(string markdown, MarkdownPipeline? pipeline = null, MarkdownParserContext? context = null)鈥濅腑鐨勫舰鍙傗€渕arkdown鈥濆彲鑳戒紶鍏?null 寮曠敤瀹炲弬銆?[d:\exercise\AIBlog\Blazor\Blazor.csproj]
d:\exercise\AIBlog\Blazor\Pages\Admin\AdminCategories.razor.cs(15,27): warning CS8618: 鍦ㄩ€€鍑烘瀯閫犲嚱鏁版椂锛屼笉鍙负 null 鐨?瀛楁 "categories" 蹇呴』鍖呭惈闈?null 鍊笺€傝鑰冭檻娣诲姞 "required" 淇グ绗︽垨灏嗚 瀛楁 澹版槑涓哄彲涓?null銆?[d:\exercise\AIBlog\Blazor\Blazor.csproj]
d:\exercise\AIBlog\Blazor\Pages\Admin\AdminCategories.razor.cs(18,39): warning CS8618: 鍦ㄩ€€鍑烘瀯閫犲嚱鏁版椂锛屼笉鍙负 null 鐨?灞炴€?"OnConfirm" 蹇呴』鍖呭惈闈?null 鍊笺€傝鑰冭檻娣诲姞 "required" 淇グ绗︽垨灏嗚 灞炴€?澹版槑涓哄彲涓?null銆?[d:\exercise\AIBlog\Blazor\Blazor.csproj]
d:\exercise\AIBlog\Blazor\Pages\Admin\AdminCategories.razor.cs(19,39): warning CS8618: 鍦ㄩ€€鍑烘瀯閫犲嚱鏁版椂锛屼笉鍙负 null 鐨?灞炴€?"OnCancel" 蹇呴』鍖呭惈闈?null 鍊笺€傝鑰冭檻娣诲姞 "required" 淇グ绗︽垨灏嗚 灞炴€?澹版槑涓哄彲涓?null銆?[d:\exercise\AIBlog\Blazor\Blazor.csproj]
d:\exercise\AIBlog\Blazor\Layout\Header.razor(1,1): warning MUD0002: Illegal Attribute 'Checked' on 'MudSwitch' using pattern 'LowerCase' source location '(1079,24)-(1087,25)' (https://mudblazor.com/features/analyzers) [d:\exercise\AIBlog\Blazor\Blazor.csproj]
d:\exercise\AIBlog\Blazor\Layout\Header.razor(1,1): warning MUD0002: Illegal Attribute 'CheckedChanged' on 'MudSwitch' using pattern 'LowerCase' source location '(1088,24)-(1088,233)' (https://mudblazor.com/features/analyzers) [d:\exercise\AIBlog\Blazor\Blazor.csproj]

鐢熸垚澶辫触銆?

d:\exercise\AIBlog\Domain\Account\RoleCreateInfo.cs(11,23): warning CS8618: 鍦ㄩ€€鍑烘瀯閫犲嚱鏁版椂锛屼笉鍙负 null 鐨?灞炴€?"RoleName" 蹇呴』鍖呭惈闈?null 鍊笺€傝鑰冭檻娣诲姞 "required" 淇グ绗︽垨灏嗚 灞炴€?澹版槑涓哄彲涓?null銆?[d:\exercise\AIBlog\Domain\Domain.csproj]
d:\exercise\AIBlog\Domain\Account\JWTOptions.cs(12,23): warning CS8618: 鍦ㄩ€€鍑烘瀯閫犲嚱鏁版椂锛屼笉鍙负 null 鐨?灞炴€?"SigningKey" 蹇呴』鍖呭惈闈?null 鍊笺€傝鑰冭檻娣诲姞 "required" 淇グ绗︽垨灏嗚 灞炴€?澹版槑涓哄彲涓?null銆?[d:\exercise\AIBlog\Domain\Domain.csproj]
d:\exercise\AIBlog\Domain\Account\LoginInfo.cs(13,23): warning CS8618: 鍦ㄩ€€鍑烘瀯閫犲嚱鏁版椂锛屼笉鍙负 null 鐨?灞炴€?"Name" 蹇呴』鍖呭惈闈?null 鍊笺€傝鑰冭檻娣诲姞 "required" 淇グ绗︽垨灏嗚 灞炴€?澹版槑涓哄彲涓?null銆?[d:\exercise\AIBlog\Domain\Domain.csproj]
d:\exercise\AIBlog\Domain\Account\LoginInfo.cs(15,23): warning CS8618: 鍦ㄩ€€鍑烘瀯閫犲嚱鏁版椂锛屼笉鍙负 null 鐨?灞炴€?"Password" 蹇呴』鍖呭惈闈?null 鍊笺€傝鑰冭檻娣诲姞 "required" 淇グ绗︽垨灏嗚 灞炴€?澹版槑涓哄彲涓?null銆?[d:\exercise\AIBlog\Domain\Domain.csproj]
d:\exercise\AIBlog\Domain\Account\RegisterInfo.cs(5,23): warning CS8618: 鍦ㄩ€€鍑烘瀯閫犲嚱鏁版椂锛屼笉鍙负 null 鐨?灞炴€?"Name" 蹇呴』鍖呭惈闈?null 鍊笺€傝鑰冭檻娣诲姞 "required" 淇グ绗︽垨灏嗚 灞炴€?澹版槑涓哄彲涓?null銆?[d:\exercise\AIBlog\Domain\Domain.csproj]
d:\exercise\AIBlog\Domain\Account\RegisterInfo.cs(6,23): warning CS8618: 鍦ㄩ€€鍑烘瀯閫犲嚱鏁版椂锛屼笉鍙负 null 鐨?灞炴€?"Password" 蹇呴』鍖呭惈闈?null 鍊笺€傝鑰冭檻娣诲姞 "required" 淇グ绗︽垨灏嗚 灞炴€?澹版槑涓哄彲涓?null銆?[d:\exercise\AIBlog\Domain\Domain.csproj]
d:\exercise\AIBlog\Domain\Account\RegisterInfo.cs(7,23): warning CS8618: 鍦ㄩ€€鍑烘瀯閫犲嚱鏁版椂锛屼笉鍙负 null 鐨?灞炴€?"Email" 蹇呴』鍖呭惈闈?null 鍊笺€傝鑰冭檻娣诲姞 "required" 淇グ绗︽垨灏嗚 灞炴€?澹版槑涓哄彲涓?null銆?[d:\exercise\AIBlog\Domain\Domain.csproj]
d:\exercise\AIBlog\Domain\Post\PostCreation.cs(11,23): warning CS8618: 鍦ㄩ€€鍑烘瀯閫犲嚱鏁版椂锛屼笉鍙负 null 鐨?灞炴€?"Title" 蹇呴』鍖呭惈闈?null 鍊笺€傝鑰冭檻娣诲姞 "required" 淇グ绗︽垨灏嗚 灞炴€?澹版槑涓哄彲涓?null銆?[d:\exercise\AIBlog\Domain\Domain.csproj]
d:\exercise\AIBlog\Domain\Post\PostCreation.cs(12,23): warning CS8618: 鍦ㄩ€€鍑烘瀯閫犲嚱鏁版椂锛屼笉鍙负 null 鐨?灞炴€?"Markdown" 蹇呴』鍖呭惈闈?null 鍊笺€傝鑰冭檻娣诲姞 "required" 淇グ绗︽垨灏嗚 灞炴€?澹版槑涓哄彲涓?null銆?[d:\exercise\AIBlog\Domain\Domain.csproj]
d:\exercise\AIBlog\AutoMapper\DTO\TagDTO.cs(13,23): warning CS8618: 鍦ㄩ€€鍑烘瀯閫犲嚱鏁版椂锛屼笉鍙负 null 鐨?灞炴€?"TagName" 蹇呴』鍖呭惈闈?null 鍊笺€傝鑰冭檻娣诲姞 "required" 淇グ绗︽垨灏嗚 灞炴€?澹版槑涓哄彲涓?null銆?[d:\exercise\AIBlog\AutoMapper\Mapper.csproj]
d:\exercise\AIBlog\AutoMapper\DTO\FriendLinkDTO.cs(13,23): warning CS8618: 鍦ㄩ€€鍑烘瀯閫犲嚱鏁版椂锛屼笉鍙负 null 鐨?灞炴€?"Title" 蹇呴』鍖呭惈闈?null 鍊笺€傝鑰冭檻娣诲姞 "required" 淇グ绗︽垨灏嗚 灞炴€?澹版槑涓哄彲涓?null銆?[d:\exercise\AIBlog\AutoMapper\Mapper.csproj]
d:\exercise\AIBlog\AutoMapper\DTO\FriendLinkDTO.cs(15,23): warning CS8618: 鍦ㄩ€€鍑烘瀯閫犲嚱鏁版椂锛屼笉鍙负 null 鐨?灞炴€?"LinkUrl" 蹇呴』鍖呭惈闈?null 鍊笺€傝鑰冭檻娣诲姞 "required" 淇グ绗︽垨灏嗚 灞炴€?澹版槑涓哄彲涓?null銆?[d:\exercise\AIBlog\AutoMapper\Mapper.csproj]
d:\exercise\AIBlog\AutoMapper\DTO\CategoryDTO.cs(13,23): warning CS8618: 鍦ㄩ€€鍑烘瀯閫犲嚱鏁版椂锛屼笉鍙负 null 鐨?灞炴€?"CategoryName" 蹇呴』鍖呭惈闈?null 鍊笺€傝鑰冭檻娣诲姞 "required" 淇グ绗︽垨灏嗚 灞炴€?澹版槑涓哄彲涓?null銆?[d:\exercise\AIBlog\AutoMapper\Mapper.csproj]
d:\exercise\AIBlog\AutoMapper\DTO\PostBriefDto.cs(12,23): warning CS8618: 鍦ㄩ€€鍑烘瀯閫犲嚱鏁版椂锛屼笉鍙负 null 鐨?灞炴€?"Title" 蹇呴』鍖呭惈闈?null 鍊笺€傝鑰冭檻娣诲姞 "required" 淇グ绗︽垨灏嗚 灞炴€?澹版槑涓哄彲涓?null銆?[d:\exercise\AIBlog\AutoMapper\Mapper.csproj]
d:\exercise\AIBlog\AutoMapper\DTO\PostBriefDto.cs(17,23): warning CS8618: 鍦ㄩ€€鍑烘瀯閫犲嚱鏁版椂锛屼笉鍙负 null 鐨?灞炴€?"Url" 蹇呴』鍖呭惈闈?null 鍊笺€傝鑰冭檻娣诲姞 "required" 淇グ绗︽垨灏嗚 灞炴€?澹版槑涓哄彲涓?null銆?[d:\exercise\AIBlog\AutoMapper\Mapper.csproj]
d:\exercise\AIBlog\AutoMapper\DTO\PostBriefDto.cs(22,23): warning CS8618: 鍦ㄩ€€鍑烘瀯閫犲嚱鏁版椂锛屼笉鍙负 null 鐨?灞炴€?"Summary" 蹇呴』鍖呭惈闈?null 鍊笺€傝鑰冭檻娣诲姞 "required" 淇グ绗︽垨灏嗚 灞炴€?澹版槑涓哄彲涓?null銆?[d:\exercise\AIBlog\AutoMapper\Mapper.csproj]
d:\exercise\AIBlog\AutoMapper\DTO\PostBriefDto.cs(27,23): warning CS8618: 鍦ㄩ€€鍑烘瀯閫犲嚱鏁版椂锛屼笉鍙负 null 鐨?灞炴€?"CreationTime" 蹇呴』鍖呭惈闈?null 鍊笺€傝鑰冭檻娣诲姞 "required" 淇グ绗︽垨灏嗚 灞炴€?澹版槑涓哄彲涓?null銆?[d:\exercise\AIBlog\AutoMapper\Mapper.csproj]
d:\exercise\AIBlog\AutoMapper\DTO\PostDTO.cs(13,23): warning CS8618: 鍦ㄩ€€鍑烘瀯閫犲嚱鏁版椂锛屼笉鍙负 null 鐨?灞炴€?"Title" 蹇呴』鍖呭惈闈?null 鍊笺€傝鑰冭檻娣诲姞 "required" 淇グ绗︽垨灏嗚 灞炴€?澹版槑涓哄彲涓?null銆?[d:\exercise\AIBlog\AutoMapper\Mapper.csproj]
d:\exercise\AIBlog\Blazor\Pages\Posts\Post.razor(9,13): warning RZ10012: Found markup element with unexpected name 'MudCircularProgress'. If this is intended to be a component, add a @using directive for its namespace. [d:\exercise\AIBlog\Blazor\Blazor.csproj]
d:\exercise\AIBlog\Blazor\Pages\Posts\Posts.razor(12,13): warning RZ10012: Found markup element with unexpected name 'MudCircularProgress'. If this is intended to be a component, add a @using directive for its namespace. [d:\exercise\AIBlog\Blazor\Blazor.csproj]
d:\exercise\AIBlog\Blazor\Shared\Hint.razor(10,27): warning CS8618: 鍦ㄩ€€鍑烘瀯閫犲嚱鏁版椂锛屼笉鍙负 null 鐨?灞炴€?"ChildContent" 蹇呴』鍖呭惈闈?null 鍊笺€傝鑰冭檻娣诲姞 "required" 淇グ绗︽垨灏嗚 灞炴€?澹版槑涓哄彲涓?null銆?[d:\exercise\AIBlog\Blazor\Blazor.csproj]
d:\exercise\AIBlog\Blazor\Pages\Admin\AdminLayout.razor(15,27): warning CS8618: 鍦ㄩ€€鍑烘瀯閫犲嚱鏁版椂锛屼笉鍙负 null 鐨?灞炴€?"ChildContent" 蹇呴』鍖呭惈闈?null 鍊笺€傝鑰冭檻娣诲姞 "required" 淇グ绗︽垨灏嗚 灞炴€?澹版槑涓哄彲涓?null銆?[d:\exercise\AIBlog\Blazor\Blazor.csproj]
d:\exercise\AIBlog\Blazor\Pages\Tags\Tags.razor.cs(13,24): warning CS8601: 鍙兘鐨?null 寮曠敤璧嬪€笺€?[d:\exercise\AIBlog\Blazor\Blazor.csproj]
d:\exercise\AIBlog\Blazor\Pages\Admin\AdminFriendLink.razor.cs(23,27): warning CS8601: 鍙兘鐨?null 寮曠敤璧嬪€笺€?[d:\exercise\AIBlog\Blazor\Blazor.csproj]
d:\exercise\AIBlog\Blazor\Pages\Categories\Categories.razor.cs(15,26): warning CS8601: 鍙兘鐨?null 寮曠敤璧嬪€笺€?[d:\exercise\AIBlog\Blazor\Blazor.csproj]
d:\exercise\AIBlog\Blazor\Pages\FriendLinks\FriendLinks.razor.cs(13,27): warning CS8601: 鍙兘鐨?null 寮曠敤璧嬪€笺€?[d:\exercise\AIBlog\Blazor\Blazor.csproj]
d:\exercise\AIBlog\Blazor\Pages\Admin\AdminCategories.razor.cs(28,26): warning CS8601: 鍙兘鐨?null 寮曠敤璧嬪€笺€?[d:\exercise\AIBlog\Blazor\Blazor.csproj]
d:\exercise\AIBlog\Blazor\Pages\Admin\AdminFriendLink.razor.cs(43,35): warning CS8601: 鍙兘鐨?null 寮曠敤璧嬪€笺€?[d:\exercise\AIBlog\Blazor\Blazor.csproj]
d:\exercise\AIBlog\Blazor\Pages\Admin\AdminPostManager.razor.cs(49,27): warning CS8601: 鍙兘鐨?null 寮曠敤璧嬪€笺€?[d:\exercise\AIBlog\Blazor\Blazor.csproj]
d:\exercise\AIBlog\Blazor\Pages\Admin\AdminPostManager.razor.cs(50,29): warning CS8602: 瑙ｅ紩鐢ㄥ彲鑳藉嚭鐜扮┖寮曠敤銆?[d:\exercise\AIBlog\Blazor\Blazor.csproj]
d:\exercise\AIBlog\Blazor\Shared\Chips.razor(10,45): warning CS8602: 瑙ｅ紩鐢ㄥ彲鑳藉嚭鐜扮┖寮曠敤銆?[d:\exercise\AIBlog\Blazor\Blazor.csproj]
d:\exercise\AIBlog\Blazor\Shared\Box.razor.cs(13,31): warning CS8618: 鍦ㄩ€€鍑烘瀯閫犲嚱鏁版椂锛屼笉鍙负 null 鐨?灞炴€?"ChildContent" 蹇呴』鍖呭惈闈?null 鍊笺€傝鑰冭檻娣诲姞 "required" 淇グ绗︽垨灏嗚 灞炴€?澹版槑涓哄彲涓?null銆?[d:\exercise\AIBlog\Blazor\Blazor.csproj]
d:\exercise\AIBlog\Blazor\Shared\Box.razor.cs(28,39): warning CS8618: 鍦ㄩ€€鍑烘瀯閫犲嚱鏁版椂锛屼笉鍙负 null 鐨?灞炴€?"OnConfirm" 蹇呴』鍖呭惈闈?null 鍊笺€傝鑰冭檻娣诲姞 "required" 淇グ绗︽垨灏嗚 灞炴€?澹版槑涓哄彲涓?null銆?[d:\exercise\AIBlog\Blazor\Blazor.csproj]
d:\exercise\AIBlog\Blazor\Shared\Box.razor.cs(31,39): warning CS8618: 鍦ㄩ€€鍑烘瀯閫犲嚱鏁版椂锛屼笉鍙负 null 鐨?灞炴€?"OnCancel" 蹇呴』鍖呭惈闈?null 鍊笺€傝鑰冭檻娣诲姞 "required" 淇グ绗︽垨灏嗚 灞炴€?澹版槑涓哄彲涓?null銆?[d:\exercise\AIBlog\Blazor\Blazor.csproj]
d:\exercise\AIBlog\Blazor\Pages\Tags\Tags.razor.cs(8,30): warning CS8618: 鍦ㄩ€€鍑烘瀯閫犲嚱鏁版椂锛屼笉鍙负 null 鐨?瀛楁 "PostTags" 蹇呴』鍖呭惈闈?null 鍊笺€傝鑰冭檻娣诲姞 "required" 淇グ绗︽垨灏嗚 瀛楁 澹版槑涓哄彲涓?null銆?[d:\exercise\AIBlog\Blazor\Blazor.csproj]
d:\exercise\AIBlog\Blazor\Pages\Admin\AdminTags.razor.cs(22,20): warning CS8601: 鍙兘鐨?null 寮曠敤璧嬪€笺€?[d:\exercise\AIBlog\Blazor\Blazor.csproj]
d:\exercise\AIBlog\Blazor\Pages\Admin\AdminCategories.razor.cs(48,34): warning CS8601: 鍙兘鐨?null 寮曠敤璧嬪€笺€?[d:\exercise\AIBlog\Blazor\Blazor.csproj]
d:\exercise\AIBlog\Blazor\Pages\Admin\AdminPosts.razor.cs(29,25): warning CS8601: 鍙兘鐨?null 寮曠敤璧嬪€笺€?[d:\exercise\AIBlog\Blazor\Blazor.csproj]
d:\exercise\AIBlog\Blazor\Pages\Admin\AdminPosts.razor.cs(31,44): warning CS8602: 瑙ｅ紩鐢ㄥ彲鑳藉嚭鐜扮┖寮曠敤銆?[d:\exercise\AIBlog\Blazor\Blazor.csproj]
d:\exercise\AIBlog\Blazor\Pages\FriendLinks\FriendLinks.razor.cs(8,37): warning CS8618: 鍦ㄩ€€鍑烘瀯閫犲嚱鏁版椂锛屼笉鍙负 null 鐨?瀛楁 "friendLinks" 蹇呴』鍖呭惈闈?null 鍊笺€傝鑰冭檻娣诲姞 "required" 淇グ绗︽垨灏嗚 瀛楁 澹版槑涓哄彲涓?null銆?[d:\exercise\AIBlog\Blazor\Blazor.csproj]
d:\exercise\AIBlog\Blazor\Pages\Posts\Category.razor.cs(39,24): warning CS8601: 鍙兘鐨?null 寮曠敤璧嬪€笺€?[d:\exercise\AIBlog\Blazor\Blazor.csproj]
d:\exercise\AIBlog\Blazor\Pages\Posts\Category.razor.cs(40,28): warning CS8602: 瑙ｅ紩鐢ㄥ彲鑳藉嚭鐜扮┖寮曠敤銆?[d:\exercise\AIBlog\Blazor\Blazor.csproj]
d:\exercise\AIBlog\Blazor\Pages\Admin\AdminFriendLink.razor.cs(67,27): warning CS8601: 鍙兘鐨?null 寮曠敤璧嬪€笺€?[d:\exercise\AIBlog\Blazor\Blazor.csproj]
d:\exercise\AIBlog\Blazor\Pages\Admin\AdminCategories.razor.cs(72,26): warning CS8601: 鍙兘鐨?null 寮曠敤璧嬪€笺€?[d:\exercise\AIBlog\Blazor\Blazor.csproj]
d:\exercise\AIBlog\Blazor\Pages\Admin\AdminTags.razor.cs(42,28): warning CS8601: 鍙兘鐨?null 寮曠敤璧嬪€笺€?[d:\exercise\AIBlog\Blazor\Blazor.csproj]
d:\exercise\AIBlog\Blazor\Pages\Categories\Categories.razor.cs(10,35): warning CS8618: 鍦ㄩ€€鍑烘瀯閫犲嚱鏁版椂锛屼笉鍙负 null 鐨?瀛楁 "categories" 蹇呴』鍖呭惈闈?null 鍊笺€傝鑰冭檻娣诲姞 "required" 淇グ绗︽垨灏嗚 瀛楁 澹版槑涓哄彲涓?null銆?[d:\exercise\AIBlog\Blazor\Blazor.csproj]
d:\exercise\AIBlog\Blazor\Pages\Admin\AdminFriendLink.razor.cs(84,27): warning CS8601: 鍙兘鐨?null 寮曠敤璧嬪€笺€?[d:\exercise\AIBlog\Blazor\Blazor.csproj]
d:\exercise\AIBlog\Blazor\Pages\Admin\AdminTags.razor.cs(66,20): warning CS8601: 鍙兘鐨?null 寮曠敤璧嬪€笺€?[d:\exercise\AIBlog\Blazor\Blazor.csproj]
d:\exercise\AIBlog\Blazor\Pages\Admin\AdminCategories.razor.cs(89,26): warning CS8601: 鍙兘鐨?null 寮曠敤璧嬪€笺€?[d:\exercise\AIBlog\Blazor\Blazor.csproj]
d:\exercise\AIBlog\Blazor\Pages\Posts\Tag.razor.cs(36,24): warning CS8601: 鍙兘鐨?null 寮曠敤璧嬪€笺€?[d:\exercise\AIBlog\Blazor\Blazor.csproj]
d:\exercise\AIBlog\Blazor\Pages\Posts\Tag.razor.cs(37,22): warning CS8602: 瑙ｅ紩鐢ㄥ彲鑳藉嚭鐜扮┖寮曠敤銆?[d:\exercise\AIBlog\Blazor\Blazor.csproj]
d:\exercise\AIBlog\Blazor\Pages\Admin\AdminTags.razor.cs(84,20): warning CS8601: 鍙兘鐨?null 寮曠敤璧嬪€笺€?[d:\exercise\AIBlog\Blazor\Blazor.csproj]
d:\exercise\AIBlog\Blazor\Pages\Posts\Category.razor.cs(20,23): warning CS8618: 鍦ㄩ€€鍑烘瀯閫犲嚱鏁版椂锛屼笉鍙负 null 鐨?灞炴€?"categoryName" 蹇呴』鍖呭惈闈?null 鍊笺€傝鑰冭檻娣诲姞 "required" 淇グ绗︽垨灏嗚 灞炴€?澹版槑涓哄彲涓?null銆?[d:\exercise\AIBlog\Blazor\Blazor.csproj]
d:\exercise\AIBlog\Blazor\Pages\Posts\Category.razor.cs(24,31): warning CS8618: 鍦ㄩ€€鍑烘瀯閫犲嚱鏁版椂锛屼笉鍙负 null 鐨?瀛楁 "PostData" 蹇呴』鍖呭惈闈?null 鍊笺€傝鑰冭檻娣诲姞 "required" 淇グ绗︽垨灏嗚 瀛楁 澹版槑涓哄彲涓?null銆?[d:\exercise\AIBlog\Blazor\Blazor.csproj]
d:\exercise\AIBlog\Blazor\Pages\Posts\Tag.razor.cs(18,23): warning CS8618: 鍦ㄩ€€鍑烘瀯閫犲嚱鏁版椂锛屼笉鍙负 null 鐨?灞炴€?"TagName" 蹇呴』鍖呭惈闈?null 鍊笺€傝鑰冭檻娣诲姞 "required" 淇グ绗︽垨灏嗚 灞炴€?澹版槑涓哄彲涓?null銆?[d:\exercise\AIBlog\Blazor\Blazor.csproj]
d:\exercise\AIBlog\Blazor\Pages\Posts\Tag.razor.cs(22,31): warning CS8618: 鍦ㄩ€€鍑烘瀯閫犲嚱鏁版椂锛屼笉鍙负 null 鐨?瀛楁 "PostData" 蹇呴』鍖呭惈闈?null 鍊笺€傝鑰冭檻娣诲姞 "required" 淇グ绗︽垨灏嗚 瀛楁 澹版槑涓哄彲涓?null銆?[d:\exercise\AIBlog\Blazor\Blazor.csproj]
d:\exercise\AIBlog\Blazor\Pages\Admin\AdminPosts.razor.cs(15,31): warning CS8618: 鍦ㄩ€€鍑烘瀯閫犲嚱鏁版椂锛屼笉鍙负 null 鐨?瀛楁 "PostsData" 蹇呴』鍖呭惈闈?null 鍊笺€傝鑰冭檻娣诲姞 "required" 淇グ绗︽垨灏嗚 瀛楁 澹版槑涓哄彲涓?null銆?[d:\exercise\AIBlog\Blazor\Blazor.csproj]
d:\exercise\AIBlog\Blazor\Pages\Posts\Posts.razor(104,39): warning CS8602: 瑙ｅ紩鐢ㄥ彲鑳藉嚭鐜扮┖寮曠敤銆?[d:\exercise\AIBlog\Blazor\Blazor.csproj]
d:\exercise\AIBlog\Blazor\Pages\Admin\AdminTags.razor.cs(9,22): warning CS8618: 鍦ㄩ€€鍑烘瀯閫犲嚱鏁版椂锛屼笉鍙负 null 鐨?瀛楁 "Tags" 蹇呴』鍖呭惈闈?null 鍊笺€傝鑰冭檻娣诲姞 "required" 淇グ绗︽垨灏嗚 瀛楁 澹版槑涓哄彲涓?null銆?[d:\exercise\AIBlog\Blazor\Blazor.csproj]
d:\exercise\AIBlog\Blazor\Pages\Admin\AdminTags.razor.cs(12,39): warning CS8618: 鍦ㄩ€€鍑烘瀯閫犲嚱鏁版椂锛屼笉鍙负 null 鐨?灞炴€?"OnConfirm" 蹇呴』鍖呭惈闈?null 鍊笺€傝鑰冭檻娣诲姞 "required" 淇グ绗︽垨灏嗚 灞炴€?澹版槑涓哄彲涓?null銆?[d:\exercise\AIBlog\Blazor\Blazor.csproj]
d:\exercise\AIBlog\Blazor\Pages\Admin\AdminTags.razor.cs(13,39): warning CS8618: 鍦ㄩ€€鍑烘瀯閫犲嚱鏁版椂锛屼笉鍙负 null 鐨?灞炴€?"OnCancel" 蹇呴』鍖呭惈闈?null 鍊笺€傝鑰冭檻娣诲姞 "required" 淇グ绗︽垨灏嗚 灞炴€?澹版槑涓哄彲涓?null銆?[d:\exercise\AIBlog\Blazor\Blazor.csproj]
d:\exercise\AIBlog\Blazor\Pages\Admin\AdminFriendLink.razor.cs(10,29): warning CS8618: 鍦ㄩ€€鍑烘瀯閫犲嚱鏁版椂锛屼笉鍙负 null 鐨?瀛楁 "FriendLinks" 蹇呴』鍖呭惈闈?null 鍊笺€傝鑰冭檻娣诲姞 "required" 淇グ绗︽垨灏嗚 瀛楁 澹版槑涓哄彲涓?null銆?[d:\exercise\AIBlog\Blazor\Blazor.csproj]
d:\exercise\AIBlog\Blazor\Pages\Admin\AdminFriendLink.razor.cs(13,39): warning CS8618: 鍦ㄩ€€鍑烘瀯閫犲嚱鏁版椂锛屼笉鍙负 null 鐨?灞炴€?"OnConfirm" 蹇呴』鍖呭惈闈?null 鍊笺€傝鑰冭檻娣诲姞 "required" 淇グ绗︽垨灏嗚 灞炴€?澹版槑涓哄彲涓?null銆?[d:\exercise\AIBlog\Blazor\Blazor.csproj]
d:\exercise\AIBlog\Blazor\Pages\Admin\AdminFriendLink.razor.cs(14,39): warning CS8618: 鍦ㄩ€€鍑烘瀯閫犲嚱鏁版椂锛屼笉鍙负 null 鐨?灞炴€?"OnCancel" 蹇呴』鍖呭惈闈?null 鍊笺€傝鑰冭檻娣诲姞 "required" 淇グ绗︽垨灏嗚 灞炴€?澹版槑涓哄彲涓?null銆?[d:\exercise\AIBlog\Blazor\Blazor.csproj]
d:\exercise\AIBlog\Blazor\Pages\Posts\Post.razor(18,22): warning CS8602: 瑙ｅ紩鐢ㄥ彲鑳藉嚭鐜扮┖寮曠敤銆?[d:\exercise\AIBlog\Blazor\Blazor.csproj]
d:\exercise\AIBlog\Blazor\Pages\Posts\Post.razor(29,78): warning CS8602: 瑙ｅ紩鐢ㄥ彲鑳藉嚭鐜扮┖寮曠敤銆?[d:\exercise\AIBlog\Blazor\Blazor.csproj]
d:\exercise\AIBlog\Blazor\Pages\Posts\Post.razor(58,57): warning CS8604: 鈥渟tring Markdown.ToHtml(string markdown, MarkdownPipeline? pipeline = null, MarkdownParserContext? context = null)鈥濅腑鐨勫舰鍙傗€渕arkdown鈥濆彲鑳戒紶鍏?null 寮曠敤瀹炲弬銆?[d:\exercise\AIBlog\Blazor\Blazor.csproj]
d:\exercise\AIBlog\Blazor\Pages\Admin\AdminCategories.razor.cs(15,27): warning CS8618: 鍦ㄩ€€鍑烘瀯閫犲嚱鏁版椂锛屼笉鍙负 null 鐨?瀛楁 "categories" 蹇呴』鍖呭惈闈?null 鍊笺€傝鑰冭檻娣诲姞 "required" 淇グ绗︽垨灏嗚 瀛楁 澹版槑涓哄彲涓?null銆?[d:\exercise\AIBlog\Blazor\Blazor.csproj]
d:\exercise\AIBlog\Blazor\Pages\Admin\AdminCategories.razor.cs(18,39): warning CS8618: 鍦ㄩ€€鍑烘瀯閫犲嚱鏁版椂锛屼笉鍙负 null 鐨?灞炴€?"OnConfirm" 蹇呴』鍖呭惈闈?null 鍊笺€傝鑰冭檻娣诲姞 "required" 淇グ绗︽垨灏嗚 灞炴€?澹版槑涓哄彲涓?null銆?[d:\exercise\AIBlog\Blazor\Blazor.csproj]
d:\exercise\AIBlog\Blazor\Pages\Admin\AdminCategories.razor.cs(19,39): warning CS8618: 鍦ㄩ€€鍑烘瀯閫犲嚱鏁版椂锛屼笉鍙负 null 鐨?灞炴€?"OnCancel" 蹇呴』鍖呭惈闈?null 鍊笺€傝鑰冭檻娣诲姞 "required" 淇グ绗︽垨灏嗚 灞炴€?澹版槑涓哄彲涓?null銆?[d:\exercise\AIBlog\Blazor\Blazor.csproj]
d:\exercise\AIBlog\Blazor\Layout\Header.razor(1,1): warning MUD0002: Illegal Attribute 'Checked' on 'MudSwitch' using pattern 'LowerCase' source location '(1079,24)-(1087,25)' (https://mudblazor.com/features/analyzers) [d:\exercise\AIBlog\Blazor\Blazor.csproj]
d:\exercise\AIBlog\Blazor\Layout\Header.razor(1,1): warning MUD0002: Illegal Attribute 'CheckedChanged' on 'MudSwitch' using pattern 'LowerCase' source location '(1088,24)-(1088,233)' (https://mudblazor.com/features/analyzers) [d:\exercise\AIBlog\Blazor\Blazor.csproj]
CSC : error RZ9986: Component attributes do not support complex content (mixed C# and markup). Attribute: 'href', text: '/post/context.Id' [d:\exercise\AIBlog\Blazor\Blazor.csproj]
    72 涓鍛?
    1 涓敊璇?

宸茬敤鏃堕棿 00:00:03.05
